// Jest Snapshot v1, https://goo.gl/fbAQLP

exports[`gatsby-remark-embedder can transform CodePen links 1`] = `
"<iframe src=\\"https://codepen.io/team/codepen/embed/preview/PNaGbb\\" style=\\"width:100%; height:300px;\\"></iframe>
"
`;

exports[`gatsby-remark-embedder can transform CodeSandbox links 1`] = `
"<iframe src=\\"https://codesandbox.io/embed/ynn88nx9x?view=split\\" style=\\"width:100%; height:500px; border:0; border-radius: 4px; overflow:hidden;\\" sandbox=\\"allow-modals allow-forms allow-popups allow-scripts allow-same-origin\\"></iframe>
"
`;

exports[`gatsby-remark-embedder can transform Slides links 1`] = `
"<iframe src=\\"https://slides.com/kentcdodds/oss-we-want/embed\\" width=\\"576\\" height=\\"420\\" scrolling=\\"no\\" frameborder=\\"0\\" webkitallowfullscreen mozallowfullscreen allowfullscreen></iframe>
"
`;

exports[`gatsby-remark-embedder can transform SoundCloud links 1`] = `
"<iframe width=\\"100%\\" height=\\"300\\" scrolling=\\"no\\" frameborder=\\"no\\" src=https://w.soundcloud.com/player?url=https://soundcloud.com/clemenswenners/africa&color=ff5500&auto_play=false&hide_related=true&show_comments=true&show_user=true&show_reposts=false&show_teaser=false&visual=true></iframe>
"
`;

exports[`gatsby-remark-embedder can transform Twitter links 1`] = `
"<blockquote class=\\"twitter-tweet-mocked-fetch\\"><p lang=\\"en\\" dir=\\"ltr\\">example</p>&mdash; Kent C. Dodds (@kentcdodds) <a href=\\"https://twitter.com/kentcdodds/status/1078755736455278592\\">December 28, 2018</a></blockquote>
"
`;

exports[`gatsby-remark-embedder can transform YouTube links 1`] = `
"<iframe width=\\"100%\\" height=\\"315\\" src=\\"https://www.youtube-nocookie.com/embed/dQw4w9WgXcQ?rel=0\\" frameBorder=\\"0\\" allow=\\"accelerometer; autoplay; encrypted-media; gyroscope; picture-in-picture\\" allowFullScreen></iframe>
"
`;

exports[`gatsby-remark-embedder can transform all supported links (kitchensink) 1`] = `
"# Heading 1

## Heading2

This is a normal paragraph.

This is the first line of a multi-line paragraph.  
And this is the second line.

This is a paragraph with a [link](https://example.com).

[example.com](https://example.com)

[https://example.com](https://example.com \\"A link to example.com\\")

<https://example.com>

<iframe src=\\"https://codepen.io/team/codepen/embed/preview/PNaGbb\\" style=\\"width:100%; height:300px;\\"></iframe>

<iframe src=\\"https://codesandbox.io/embed/ynn88nx9x?view=split\\" style=\\"width:100%; height:500px; border:0; border-radius: 4px; overflow:hidden;\\" sandbox=\\"allow-modals allow-forms allow-popups allow-scripts allow-same-origin\\"></iframe>

<iframe src=\\"https://slides.com/kentcdodds/oss-we-want/embed\\" width=\\"576\\" height=\\"420\\" scrolling=\\"no\\" frameborder=\\"0\\" webkitallowfullscreen mozallowfullscreen allowfullscreen></iframe>

<iframe width=\\"100%\\" height=\\"300\\" scrolling=\\"no\\" frameborder=\\"no\\" src=https://w.soundcloud.com/player?url=https://soundcloud.com/clemenswenners/africa&color=ff5500&auto_play=false&hide_related=true&show_comments=true&show_user=true&show_reposts=false&show_teaser=false&visual=true></iframe>

<blockquote class=\\"twitter-tweet-from-cache\\"><p lang=\\"en\\" dir=\\"ltr\\">example</p>&mdash; Kent C. Dodds (@kentcdodds) <a href=\\"https://twitter.com/kentcdodds/status/1078755736455278592?ref_src=twsrc%5Etfw\\">December 28, 2018</a></blockquote>

<iframe width=\\"100%\\" height=\\"315\\" src=\\"https://www.youtube-nocookie.com/embed/dQw4w9WgXcQ?rel=0\\" frameBorder=\\"0\\" allow=\\"accelerometer; autoplay; encrypted-media; gyroscope; picture-in-picture\\" allowFullScreen></iframe>
"
`;
