// Jest Snapshot v1, https://goo.gl/fbAQLP

exports[`can transform CodePen links 1`] = `
"<iframe src=\\"https://codepen.io/team/codepen/embed/preview/PNaGbb\\" style=\\"width:100%; height:300px;\\"></iframe>
"
`;
